[    0.000000] Initializing cgroup subsys cpuset
[    0.000000] Initializing cgroup subsys cpu
[    0.000000] Initializing cgroup subsys cpuacct
[    0.000000] Linux version 4.4.0-177-generic (buildd@lgw01-amd64-035) (gcc version 5.4.0 20160609 (Ubuntu 5.4.0-6ubuntu1~16.04.12) ) #207-Ubuntu SMP Mon Mar 16 01:16:10 UTC 2020 (Ubuntu 4.4.0-177.207-generic 4.4.214)
[    0.000000] Command line: BOOT_IMAGE=/boot/vmlinuz-4.4.0-177-generic root=LABEL=cloudimg-rootfs ro console=tty1 console=ttyS0
[    0.000000] KERNEL supported cpus:
[    0.000000]   Intel GenuineIntel
[    0.000000]   AMD AuthenticAMD
[    0.000000]   Centaur CentaurHauls
[    0.000000] x86/fpu: xstate_offset[2]:  576, xstate_sizes[2]:  256
[    0.000000] x86/fpu: Supporting XSAVE feature 0x01: 'x87 floating point registers'
[    0.000000] x86/fpu: Supporting XSAVE feature 0x02: 'SSE registers'
[    0.000000] x86/fpu: Supporting XSAVE feature 0x04: 'AVX registers'
[    0.000000] x86/fpu: Enabled xstate features 0x7, context size is 832 bytes, using 'standard' format.
[    0.000000] e820: BIOS-provided physical RAM map:
[    0.000000] BIOS-e820: [mem 0x0000000000000000-0x000000000009fbff] usable
[    0.000000] BIOS-e820: [mem 0x000000000009fc00-0x000000000009ffff] reserved
[    0.000000] BIOS-e820: [mem 0x00000000000f0000-0x00000000000fffff] reserved
[    0.000000] BIOS-e820: [mem 0x0000000000100000-0x00000000bffeffff] usable
[    0.000000] BIOS-e820: [mem 0x00000000bfff0000-0x00000000bfffffff] ACPI data
[    0.000000] BIOS-e820: [mem 0x00000000fec00000-0x00000000fec00fff] reserved
[    0.000000] BIOS-e820: [mem 0x00000000fee00000-0x00000000fee00fff] reserved
[    0.000000] BIOS-e820: [mem 0x00000000fffc0000-0x00000000ffffffff] reserved
[    0.000000] NX (Execute Disable) protection: active
[    0.000000] SMBIOS 2.5 present.
[    0.000000] Hypervisor detected: KVM
[    0.000000] e820: last_pfn = 0xbfff0 max_arch_pfn = 0x400000000
[    0.000000] MTRR: Disabled
[    0.000000] x86/PAT: MTRRs disabled, skipping PAT initialization too.
[    0.000000] CPU MTRRs all blank - virtualized system.
[    0.000000] x86/PAT: Configuration [0-7]: WB  WT  UC- UC  WB  WT  UC- UC  
[    0.000000] found SMP MP-table at [mem 0x0009fff0-0x0009ffff] mapped at [ffff88000009fff0]
[    0.000000] Scanning 1 areas for low memory corruption
[    0.000000] RAMDISK: [mem 0x362e4000-0x37169fff]
[    0.000000] ACPI: Early table checksum verification disabled
[    0.000000] ACPI: RSDP 0x00000000000E0000 000024 (v02 VBOX  )
[    0.000000] ACPI: XSDT 0x00000000BFFF0030 00003C (v01 VBOX   VBOXXSDT 00000001 ASL  00000061)
[    0.000000] ACPI: FACP 0x00000000BFFF00F0 0000F4 (v04 VBOX   VBOXFACP 00000001 ASL  00000061)
[    0.000000] ACPI: DSDT 0x00000000BFFF0470 002325 (v02 VBOX   VBOXBIOS 00000002 INTL 20180105)
[    0.000000] ACPI: FACS 0x00000000BFFF0200 000040
[    0.000000] ACPI: FACS 0x00000000BFFF0200 000040
[    0.000000] ACPI: APIC 0x00000000BFFF0240 00005C (v02 VBOX   VBOXAPIC 00000001 ASL  00000061)
[    0.000000] ACPI: SSDT 0x00000000BFFF02A0 0001CC (v01 VBOX   VBOXCPUT 00000002 INTL 20180105)
[    0.000000] No NUMA configuration found
[    0.000000] Faking a node at [mem 0x0000000000000000-0x00000000bffeffff]
[    0.000000] NODE_DATA(0) allocated [mem 0xbffeb000-0xbffeffff]
[    0.000000] kvm-clock: Using msrs 4b564d01 and 4b564d00
[    0.000000] kvm-clock: cpu 0, msr 0:bffe3001, primary cpu clock
[    0.000000] kvm-clock: using sched offset of 3338696345 cycles
[    0.000000] clocksource: kvm-clock: mask: 0xffffffffffffffff max_cycles: 0x1cd42e4dffb, max_idle_ns: 881590591483 ns
[    0.000000] Zone ranges:
[    0.000000]   DMA      [mem 0x0000000000001000-0x0000000000ffffff]
[    0.000000]   DMA32    [mem 0x0000000001000000-0x00000000bffeffff]
[    0.000000]   Normal   empty
[    0.000000]   Device   empty
[    0.000000] Movable zone start for each node
[    0.000000] Early memory node ranges
[    0.000000]   node   0: [mem 0x0000000000001000-0x000000000009efff]
[    0.000000]   node   0: [mem 0x0000000000100000-0x00000000bffeffff]
[    0.000000] Initmem setup node 0 [mem 0x0000000000001000-0x00000000bffeffff]
[    0.000000] ACPI: PM-Timer IO Port: 0x4008
[    0.000000] IOAPIC[0]: apic_id 2, version 32, address 0xfec00000, GSI 0-23
[    0.000000] ACPI: INT_SRC_OVR (bus 0 bus_irq 0 global_irq 2 dfl dfl)
[    0.000000] ACPI: INT_SRC_OVR (bus 0 bus_irq 9 global_irq 9 low level)
[    0.000000] Using ACPI (MADT) for SMP configuration information
[    0.000000] smpboot: Allowing 2 CPUs, 0 hotplug CPUs
[    0.000000] PM: Registered nosave memory: [mem 0x00000000-0x00000fff]
[    0.000000] PM: Registered nosave memory: [mem 0x0009f000-0x0009ffff]
[    0.000000] PM: Registered nosave memory: [mem 0x000a0000-0x000effff]
[    0.000000] PM: Registered nosave memory: [mem 0x000f0000-0x000fffff]
[    0.000000] e820: [mem 0xc0000000-0xfebfffff] available for PCI devices
[    0.000000] Booting paravirtualized kernel on KVM
[    0.000000] clocksource: refined-jiffies: mask: 0xffffffff max_cycles: 0xffffffff, max_idle_ns: 7645519600211568 ns
[    0.000000] setup_percpu: NR_CPUS:512 nr_cpumask_bits:512 nr_cpu_ids:2 nr_node_ids:1
[    0.000000] PERCPU: Embedded 33 pages/cpu @ffff8800bfa00000 s95448 r8192 d31528 u1048576
[    0.000000] Built 1 zonelists in Node order, mobility grouping on.  Total pages: 774008
[    0.000000] Policy zone: DMA32
[    0.000000] Kernel command line: BOOT_IMAGE=/boot/vmlinuz-4.4.0-177-generic root=LABEL=cloudimg-rootfs ro console=tty1 console=ttyS0
[    0.000000] PID hash table entries: 4096 (order: 3, 32768 bytes)
[    0.000000] Memory: 3062068K/3145272K available (8626K kernel code, 1336K rwdata, 4036K rodata, 1488K init, 1292K bss, 83204K reserved, 0K cma-reserved)
[    0.000000] SLUB: HWalign=64, Order=0-3, MinObjects=0, CPUs=2, Nodes=1
[    0.000000] Kernel/User page tables isolation: enabled
[    0.000000] Hierarchical RCU implementation.
[    0.000000] 	Build-time adjustment of leaf fanout to 64.
[    0.000000] 	RCU restricting CPUs from NR_CPUS=512 to nr_cpu_ids=2.
[    0.000000] RCU: Adjusting geometry for rcu_fanout_leaf=64, nr_cpu_ids=2
[    0.000000] NR_IRQS:33024 nr_irqs:440 16
[    0.000000] Console: colour VGA+ 80x25
[    0.000000] console [tty1] enabled
[    0.000000] console [ttyS0] enabled
[    0.000000] tsc: Detected 2112.000 MHz processor
[    0.126337] Calibrating delay loop (skipped) preset value.. 4224.00 BogoMIPS (lpj=8448000)
[    0.127683] pid_max: default: 32768 minimum: 301
[    0.128366] ACPI: Core revision 20150930
[    0.129785] ACPI: 2 ACPI AML tables successfully acquired and loaded
[    0.131159] Security Framework initialized
[    0.131876] Yama: becoming mindful.
[    0.132469] AppArmor: AppArmor initialized
[    0.134047] Dentry cache hash table entries: 524288 (order: 10, 4194304 bytes)
[    0.136680] Inode-cache hash table entries: 262144 (order: 9, 2097152 bytes)
[    0.137900] Mount-cache hash table entries: 8192 (order: 4, 65536 bytes)
[    0.138848] Mountpoint-cache hash table entries: 8192 (order: 4, 65536 bytes)
[    0.140376] Initializing cgroup subsys io
[    0.141072] Initializing cgroup subsys memory
[    0.141776] Initializing cgroup subsys devices
[    0.142432] Initializing cgroup subsys freezer
[    0.143170] Initializing cgroup subsys net_cls
[    0.143821] Initializing cgroup subsys perf_event
[    0.145176] Initializing cgroup subsys net_prio
[    0.146744] Initializing cgroup subsys hugetlb
[    0.147875] Initializing cgroup subsys pids
[    0.150353] mce: CPU supports 0 MCE banks
[    0.151178] Last level iTLB entries: 4KB 64, 2MB 8, 4MB 8
[    0.151958] Last level dTLB entries: 4KB 64, 2MB 0, 4MB 0, 1GB 4
[    0.152816] Spectre V1 : Mitigation: usercopy/swapgs barriers and __user pointer sanitization
[    0.154215] Spectre V2 : Mitigation: Full generic retpoline
[    0.154948] Spectre V2 : Spectre v2 / SpectreRSB mitigation: Filling RSB on context switch
[    0.156156] Speculative Store Bypass: Vulnerable
[    0.156854] MDS: Mitigation: Clear CPU buffers
[    0.159589] Freeing SMP alternatives memory: 36K
[    0.165455] ftrace: allocating 32304 entries in 127 pages
[    0.214465] smpboot: APIC(0) Converting physical 0 to logical package 0
[    0.215498] smpboot: Max logical packages: 1
[    0.216493] x2apic enabled
[    0.217254] Switched APIC routing to physical x2apic.
[    0.219148] ..TIMER: vector=0x30 apic1=0 pin1=2 apic2=-1 pin2=-1
[    0.328103] smpboot: CPU0: Intel(R) Core(TM) i7-8650U CPU @ 1.90GHz (family: 0x6, model: 0x8e, stepping: 0xa)
[    0.329804] Performance Events: unsupported p6 CPU model 142 no PMU driver, software events only.
[    0.340819] KVM setup paravirtual spinlock
[    0.342288] x86: Booting SMP configuration:
[    0.343051] .... node  #0, CPUs:      #1
[    0.343875] kvm-clock: cpu 1, msr 0:bffe3041, secondary cpu clock
[    0.346355] mce: CPU supports 0 MCE banks
[    0.348720] x86: Booted up 1 node, 2 CPUs
[    0.349485] smpboot: Total of 2 processors activated (8448.00 BogoMIPS)
[    0.351078] devtmpfs: initialized
[    0.353644] evm: security.selinux
[    0.354880] evm: security.SMACK64
[    0.355881] evm: security.SMACK64EXEC
[    0.356498] evm: security.SMACK64TRANSMUTE
[    0.357136] evm: security.SMACK64MMAP
[    0.357722] evm: security.ima
[    0.358246] evm: security.capability
[    0.358953] clocksource: jiffies: mask: 0xffffffff max_cycles: 0xffffffff, max_idle_ns: 7645041785100000 ns
[    0.360333] futex hash table entries: 512 (order: 3, 32768 bytes)
[    0.361425] pinctrl core: initialized pinctrl subsystem
[    0.362240] RTC time: 21:39:07, date: 04/27/20
[    0.363182] NET: Registered protocol family 16
[    0.373266] cpuidle: using governor ladder
[    0.385703] cpuidle: using governor menu
[    0.386494] PCCT header not found.
[    0.387270] ACPI: bus type PCI registered
[    0.387999] acpiphp: ACPI Hot Plug PCI Controller Driver version: 0.5
[    0.389444] PCI: Using configuration type 1 for base access
[    0.405273] ACPI: Added _OSI(Module Device)
[    0.406282] ACPI: Added _OSI(Processor Device)
[    0.407266] ACPI: Added _OSI(3.0 _SCP Extensions)
[    0.408345] ACPI: Added _OSI(Processor Aggregator Device)
[    0.410070] ACPI: Executed 1 blocks of module-level executable AML code
[    0.413302] ACPI: Interpreter enabled
[    0.414172] ACPI: (supports S0 S5)
[    0.414926] ACPI: Using IOAPIC for interrupt routing
[    0.416038] PCI: Using host bridge windows from ACPI; if necessary, use "pci=nocrs" and report a bug
[    0.421095] ACPI: PCI Root Bridge [PCI0] (domain 0000 [bus 00-ff])
[    0.422120] acpi PNP0A03:00: _OSC: OS supports [ASPM ClockPM Segments MSI]
[    0.423487] acpi PNP0A03:00: _OSC: not requesting OS control; OS requires [ExtendedConfig ASPM ClockPM MSI]
[    0.425157] acpi PNP0A03:00: fail to add MMCONFIG information, can't access extended PCI configuration space under this bridge.
[    0.427457] PCI host bridge to bus 0000:00
[    0.428103] pci_bus 0000:00: root bus resource [io  0x0000-0x0cf7 window]
[    0.429055] pci_bus 0000:00: root bus resource [io  0x0d00-0xffff window]
[    0.429992] pci_bus 0000:00: root bus resource [mem 0x000a0000-0x000bffff window]
[    0.431167] pci_bus 0000:00: root bus resource [mem 0xc0000000-0xfdffffff window]
[    0.432341] pci_bus 0000:00: root bus resource [bus 00-ff]
[    0.434543] pci 0000:00:01.1: legacy IDE quirk: reg 0x10: [io  0x01f0-0x01f7]
[    0.435568] pci 0000:00:01.1: legacy IDE quirk: reg 0x14: [io  0x03f6]
[    0.436544] pci 0000:00:01.1: legacy IDE quirk: reg 0x18: [io  0x0170-0x0177]
[    0.445214] pci 0000:00:01.1: legacy IDE quirk: reg 0x1c: [io  0x0376]
[    0.472568] pci 0000:00:07.0: quirk: [io  0x4000-0x403f] claimed by PIIX4 ACPI
[    0.473833] pci 0000:00:07.0: quirk: [io  0x4100-0x410f] claimed by PIIX4 SMB
[    0.494382] ACPI: PCI Interrupt Link [LNKA] (IRQs 5 9 10 *11)
[    0.496301] ACPI: PCI Interrupt Link [LNKB] (IRQs 5 9 *10 11)
[    0.497750] ACPI: PCI Interrupt Link [LNKC] (IRQs 5 *9 10 11)
[    0.499222] ACPI: PCI Interrupt Link [LNKD] (IRQs 5 9 10 *11)
[    0.500772] ACPI: Enabled 2 GPEs in block 00 to 07
[    0.502141] vgaarb: setting as boot device: PCI:0000:00:02.0
[    0.503202] vgaarb: device added: PCI:0000:00:02.0,decodes=io+mem,owns=io+mem,locks=none
[    0.504815] vgaarb: loaded
[    0.505523] vgaarb: bridge control possible 0000:00:02.0
[    0.506686] SCSI subsystem initialized
[    0.507625] ACPI: bus type USB registered
[    0.508393] usbcore: registered new interface driver usbfs
[    0.509328] usbcore: registered new interface driver hub
[    0.510337] usbcore: registered new device driver usb
[    0.511428] PCI: Using ACPI for IRQ routing
[    0.512478] NetLabel: Initializing
[    0.513176] NetLabel:  domain hash size = 128
[    0.514095] NetLabel:  protocols = UNLABELED CIPSOv4
[    0.514957] NetLabel:  unlabeled traffic allowed by default
[    0.516047] amd_nb: Cannot enumerate AMD northbridges
[    0.516988] clocksource: Switched to clocksource kvm-clock
[    0.526033] AppArmor: AppArmor Filesystem Enabled
[    0.526981] pnp: PnP ACPI init
[    0.528576] pnp: PnP ACPI: found 3 devices
[    0.538603] clocksource: acpi_pm: mask: 0xffffff max_cycles: 0xffffff, max_idle_ns: 2085701024 ns
[    0.540376] NET: Registered protocol family 2
[    0.541239] TCP established hash table entries: 32768 (order: 6, 262144 bytes)
[    0.542701] TCP bind hash table entries: 32768 (order: 7, 524288 bytes)
[    0.544385] TCP: Hash tables configured (established 32768 bind 32768)
[    0.545627] UDP hash table entries: 2048 (order: 4, 65536 bytes)
[    0.546733] UDP-Lite hash table entries: 2048 (order: 4, 65536 bytes)
[    0.547888] NET: Registered protocol family 1
[    0.548689] pci 0000:00:00.0: Limiting direct PCI/PCI transfers
[    0.549837] pci 0000:00:01.0: Activating ISA DMA hang workarounds
[    0.551001] Unpacking initramfs...
[    0.745458] Freeing initrd memory: 14872K
[    0.746313] clocksource: tsc: mask: 0xffffffffffffffff max_cycles: 0x1e71785e5dd, max_idle_ns: 440795244814 ns
[    0.747886] platform rtc_cmos: registered platform RTC device (no PNP device found)
[    0.749376] Scanning for low memory corruption every 60 seconds
[    0.750902] audit: initializing netlink subsys (disabled)
[    0.751809] audit: type=2000 audit(1588023552.573:1): initialized
[    0.753771] Initialise system trusted keyring
[    0.755536] HugeTLB registered 2 MB page size, pre-allocated 0 pages
[    0.757636] zbud: loaded
[    0.758408] VFS: Disk quotas dquot_6.6.0
[    0.759078] VFS: Dquot-cache hash table entries: 512 (order 0, 4096 bytes)
[    0.760423] squashfs: version 4.0 (2009/01/31) Phillip Lougher
[    0.761488] fuse init (API version 7.23)
[    0.762311] Key type big_key registered
[    0.762962] Allocating IMA MOK and blacklist keyrings.
[    0.764635] Key type asymmetric registered
[    0.765271] Asymmetric key parser 'x509' registered
[    0.766037] Block layer SCSI generic (bsg) driver version 0.4 loaded (major 249)
[    0.767484] io scheduler noop registered
[    0.768157] io scheduler deadline registered (default)
[    0.769167] io scheduler cfq registered
[    0.770016] pci_hotplug: PCI Hot Plug PCI Core version: 0.5
[    0.770938] pciehp: PCI Express Hot Plug Controller Driver version: 0.4
[    0.771979] ACPI: AC Adapter [AC] (on-line)
[    0.772842] input: Power Button as /devices/LNXSYSTM:00/LNXPWRBN:00/input/input0
[    0.773979] ACPI: Power Button [PWRF]
[    0.774752] input: Sleep Button as /devices/LNXSYSTM:00/LNXSLPBN:00/input/input1
[    0.775917] ACPI: Sleep Button [SLPF]
[    0.776803] GHES: HEST is not enabled!
[    0.777751] Serial: 8250/16550 driver, 32 ports, IRQ sharing enabled
[    0.777769] ACPI: Battery Slot [BAT0] (battery present)
[    0.799980] 00:02: ttyS0 at I/O 0x3f8 (irq = 4, base_baud = 115200) is a 16550A
[    0.802305] Linux agpgart interface v0.103
[    0.805155] loop: module loaded
[    0.806237] scsi host0: ata_piix
[    0.806961] scsi host1: ata_piix
[    0.807588] ata1: PATA max UDMA/33 cmd 0x1f0 ctl 0x3f6 bmdma 0xd000 irq 14
[    0.808883] ata2: PATA max UDMA/33 cmd 0x170 ctl 0x376 bmdma 0xd008 irq 15
[    0.810165] libphy: Fixed MDIO Bus: probed
[    0.810864] tun: Universal TUN/TAP device driver, 1.6
[    0.812317] tun: (C) 1999-2004 Max Krasnyansky <maxk@qualcomm.com>
[    0.813464] PPP generic driver version 2.4.2
[    0.814349] ehci_hcd: USB 2.0 'Enhanced' Host Controller (EHCI) Driver
[    0.815271] ehci-pci: EHCI PCI platform driver
[    0.816012] ehci-platform: EHCI generic platform driver
[    0.818153] ohci_hcd: USB 1.1 'Open' Host Controller (OHCI) Driver
[    0.819890] ohci-pci: OHCI PCI platform driver
[    0.820630] ohci-platform: OHCI generic platform driver
[    0.821683] uhci_hcd: USB Universal Host Controller Interface driver
[    0.822903] i8042: PNP: PS/2 Controller [PNP0303:PS2K,PNP0f03:PS2M] at 0x60,0x64 irq 1,12
[    0.824915] serio: i8042 KBD port at 0x60,0x64 irq 1
[    0.825788] serio: i8042 AUX port at 0x60,0x64 irq 12
[    0.826768] mousedev: PS/2 mouse device common for all mice
[    0.828113] rtc_cmos rtc_cmos: rtc core: registered rtc_cmos as rtc0
[    0.829193] rtc_cmos rtc_cmos: alarms up to one day, 114 bytes nvram
[    0.830187] i2c /dev entries driver
[    0.830837] input: AT Translated Set 2 keyboard as /devices/platform/i8042/serio0/input/input2
[    0.832582] device-mapper: uevent: version 1.0.3
[    0.833619] device-mapper: ioctl: 4.34.0-ioctl (2015-10-28) initialised: dm-devel@redhat.com
[    0.835050] ledtrig-cpu: registered to indicate activity on CPUs
[    0.836459] NET: Registered protocol family 10
[    0.837460] NET: Registered protocol family 17
[    0.838202] Key type dns_resolver registered
[    0.839081] registered taskstats version 1
[    0.839832] Loading compiled-in X.509 certificates
[    0.841034] Loaded X.509 cert 'Build time autogenerated kernel key: a048edf52b07f04005c7780de0f875c713550332'
[    0.842789] zswap: loaded using pool lzo/zbud
[    0.845136] Key type trusted registered
[    0.848296] Key type encrypted registered
[    0.848981] AppArmor: AppArmor sha1 policy hashing enabled
[    0.850018] ima: No TPM chip found, activating TPM-bypass!
[    0.850947] ima: Allocated hash algorithm: sha1
[    0.851849] evm: HMAC attrs: 0x1
[    0.852857]   Magic number: 0:379:703
[    0.853708] rtc_cmos rtc_cmos: setting system clock to 2020-04-27 21:39:08 UTC (1588023548)
[    0.855223] BIOS EDD facility v0.16 2004-Jun-25, 0 devices found
[    0.856084] EDD information not available.
[    1.679188] Freeing unused kernel memory: 1488K
[    1.680849] Write protecting the kernel read-only data: 14336k
[    1.683205] Freeing unused kernel memory: 1604K
[    1.684895] Freeing unused kernel memory: 60K
Loading, please wait...
starting version 229
[    1.702368] random: systemd-udevd: uninitialized urandom read (16 bytes read, 3 bits of entropy available)
[    1.703261] random: udevadm: uninitialized urandom read (16 bytes read, 3 bits of entropy available)
[    1.703280] random: udevadm: uninitialized urandom read (16 bytes read, 3 bits of entropy available)
[    1.707776] random: systemd-udevd: uninitialized urandom read (16 bytes read, 3 bits of entropy available)
[    1.709387] random: systemd-udevd: uninitialized urandom read (16 bytes read, 3 bits of entropy available)
[    1.710887] random: udevadm: uninitialized urandom read (16 bytes read, 3 bits of entropy available)
[    1.710926] random: udevadm: uninitialized urandom read (16 bytes read, 3 bits of entropy available)
[    1.711042] random: udevadm: uninitialized urandom read (16 bytes read, 3 bits of entropy available)
[    1.711086] random: udevadm: uninitialized urandom read (16 bytes read, 3 bits of entropy available)
[    1.711126] random: udevadm: uninitialized urandom read (16 bytes read, 3 bits of entropy available)
[    1.764834] Fusion MPT base driver 3.04.20
[    1.765598] Copyright (c) 1999-2008 LSI Corporation
[    1.780232] e1000: Intel(R) PRO/1000 Network Driver - version 7.3.21-k8-NAPI
[    1.781449] e1000: Copyright (c) 1999-2006 Intel Corporation.
[    1.794356] AVX2 version of gcm_enc/dec engaged.
[    1.795366] AES CTR mode by8 optimization enabled
[    1.796238] Fusion MPT SPI Host driver 3.04.20
[    1.990343] input: ImExPS/2 Generic Explorer Mouse as /devices/platform/i8042/serio1/input/input4
[    2.673239] e1000 0000:00:03.0 eth0: (PCI:33MHz:32-bit) 02:f4:cb:fd:67:72
[    2.674388] e1000 0000:00:03.0 eth0: Intel(R) PRO/1000 Network Connection
[    3.672809] e1000 0000:00:08.0 eth1: (PCI:33MHz:32-bit) 08:00:27:41:b3:7d
[    3.673754] e1000 0000:00:08.0 eth1: Intel(R) PRO/1000 Network Connection
[    3.675467] mptbase: ioc0: Initiating bringup
[    3.675570] e1000 0000:00:03.0 enp0s3: renamed from eth0
[    3.689360] e1000 0000:00:08.0 enp0s8: renamed from eth1
[    4.184691] ioc0: LSI53C1030 A0: Capabilities={Initiator}
[    6.657338] scsi host2: ioc0: LSI53C1030 A0, FwRev=00000000h, Ports=1, MaxQ=256, IRQ=20
[    9.531929] scsi 2:0:0:0: Direct-Access     VBOX     HARDDISK         1.0  PQ: 0 ANSI: 5
[    9.533996] scsi target2:0:0: Beginning Domain Validation
[    9.536318] scsi target2:0:0: Domain Validation skipping write tests
[    9.537959] scsi target2:0:0: Ending Domain Validation
[    9.539561] scsi target2:0:0: asynchronous
[    9.541221] scsi 2:0:1:0: Direct-Access     VBOX     HARDDISK         1.0  PQ: 0 ANSI: 5
[    9.554305] scsi target2:0:1: Beginning Domain Validation
[    9.556006] scsi target2:0:1: Domain Validation skipping write tests
[    9.557461] scsi target2:0:1: Ending Domain Validation
[    9.558600] scsi target2:0:1: asynchronous
[    9.570846] sd 2:0:0:0: Attached scsi generic sg0 type 0
[    9.572327] sd 2:0:0:0: [sda] 20971520 512-byte logical blocks: (10.7 GB/10.0 GiB)
[    9.574481] sd 2:0:1:0: [sdb] 20480 512-byte logical blocks: (10.5 MB/10.0 MiB)
[    9.576551] sd 2:0:1:0: Attached scsi generic sg1 type 0
[    9.578245] sd 2:0:0:0: [sda] Write Protect is off
[    9.579594] sd 2:0:1:0: [sdb] Write Protect is off
[    9.580845] sd 2:0:0:0: [sda] Incomplete mode parameter data
[    9.582142] sd 2:0:0:0: [sda] Assuming drive cache: write through
[    9.583689] sd 2:0:1:0: [sdb] Incomplete mode parameter data
[    9.584980] sd 2:0:1:0: [sdb] Assuming drive cache: write through
[    9.654715]  sda: sda1
[    9.656502] sd 2:0:0:0: [sda] Attached SCSI disk
[    9.661315] sd 2:0:1:0: [sdb] Attached SCSI disk
Begin: Loading essential drivers ... [   10.973611] md: linear personality registered for level -1
[   10.976399] md: multipath personality registered for level -4
[   10.979054] md: raid0 personality registered for level 0
[   10.982912] md: raid1 personality registered for level 1
[   11.055130] raid6: sse2x1   gen() 11171 MB/s
[   11.121848] raid6: sse2x1   xor()  8488 MB/s
[   11.189395] raid6: sse2x2   gen() 14238 MB/s
[   11.259635] raid6: sse2x2   xor() 10048 MB/s
[   11.325489] raid6: sse2x4   gen() 15435 MB/s
[   11.401108] raid6: sse2x4   xor() 11569 MB/s
[   11.469133] raid6: avx2x1   gen() 21128 MB/s
[   11.536990] raid6: avx2x2   gen() 24609 MB/s
[   11.614017] raid6: avx2x4   gen() 33391 MB/s
[   11.614820] raid6: using algorithm avx2x4 gen() 33391 MB/s
[   11.615771] raid6: using avx2x2 recovery algorithm
[   11.617745] xor: automatically using best checksumming function:
[   11.657124]    avx       : 24896.000 MB/sec
[   11.659349] async_tx: api initialized (async)
[   11.668454] md: raid6 personality registered for level 6
[   11.669267] md: raid5 personality registered for level 5
[   11.670100] md: raid4 personality registered for level 4
[   11.676987] md: raid10 personality registered for level 10
done.
Begin: Running /scripts/init-premount ... done.
Begin: Mounting root file system ... Begin: Running /scripts/local-top ... done.
Begin: Running /scripts/local-premount ... [   11.705383] Btrfs loaded
Scanning for Btrfs filesystems
done.
Warning: fsck not present, so skipping root file system
[   11.735383] EXT4-fs (sda1): mounted filesystem with ordered data mode. Opts: (null)
done.
Begin: Running /scripts/local-bottom ... done.
Begin: Running /scripts/init-bottom ... done.
[   11.807422] systemd[1]: systemd 229 running in system mode. (+PAM +AUDIT +SELINUX +IMA +APPARMOR +SMACK +SYSVINIT +UTMP +LIBCRYPTSETUP +GCRYPT +GNUTLS +ACL +XZ -LZ4 +SECCOMP +BLKID +ELFUTILS +KMOD -IDN)
[   11.810622] systemd[1]: Detected virtualization oracle.
[   11.811859] systemd[1]: Detected architecture x86-64.

Welcome to [1mUbuntu 16.04.6 LTS[0m!

[   11.981963] systemd[1]: Set hostname to <ubuntu>.
[   11.988086] systemd[1]: Initializing machine ID from random generator.
[   11.991743] systemd[1]: Installed transient /etc/machine-id file.
[   12.109947] systemd[1]: Listening on Journal Socket (/dev/log).
[[0;32m  OK  [0m] Listening on Journal Socket (/dev/log).
[   12.117286] systemd[1]: Listening on /dev/initctl Compatibility Named Pipe.
[[0;32m  OK  [0m] Listening on /dev/initctl Compatibility Named Pipe.
[   12.119375] systemd[1]: Listening on Journal Socket.
[[0;32m  OK  [0m] Listening on Journal Socket.
[   12.121042] systemd[1]: Listening on LVM2 poll daemon socket.
[[0;32m  OK  [0m] Listening on LVM2 poll daemon socket.
[   12.122884] systemd[1]: Started Trigger resolvconf update for networkd DNS.
[[0;32m  OK  [0m] Started Trigger resolvconf update for networkd DNS.
[   12.124872] systemd[1]: Reached target Swap.
[[0;32m  OK  [0m] Reached target Swap.
[   12.133659] systemd[1]: Reached target User and Group Name Lookups.
[[0;32m  OK  [0m] Reached target User and Group Name Lookups.
[   12.143503] systemd[1]: Listening on Journal Audit Socket.
[[0;32m  OK  [0m] Listening on Journal Audit Socket.
[   12.151155] systemd[1]: Set up automount Arbitrary Executable File Formats File System Automount Point.
[[0;32m  OK  [0m] Set up automount Arbitrary Executab...ats File System Automount Point.
[   12.157614] systemd[1]: Listening on Device-mapper event daemon FIFOs.
[[0;32m  OK  [0m] Listening on Device-mapper event daemon FIFOs.
[   12.161698] systemd[1]: Created slice System Slice.
[[0;32m  OK  [0m] Created slice System Slice.
[   12.213362] systemd[1]: Starting Load Kernel Modules...
         Starting Load Kernel Modules...
[   12.216536] systemd[1]: Starting Set console keymap...
         Starting Set console keymap...
[   12.220400] systemd[1]: Starting Uncomplicated firewall...
         Starting Uncomplicated firewall...
[   12.225675] systemd[1]: Started Forward Password Requests to Wall Directory Watch.
[   12.227801] Loading iSCSI transport class v2.0-870.
[[0;32m  OK  [0m] Started Forward Password Requests to Wall Directory Watch.
[   12.230047] systemd[1]: Listening on udev Kernel Socket.
[[0;32m  OK  [0m] Listening on udev Kernel Socket.
[   12.233396] systemd[1]: Mounting Huge Pages File System...
         Mounting Huge Pages File System...
[   12.235748] systemd[1]: Reached target System Time Synchronized.
[[0;32m  OK  [0m] Reached target System Time Synchronized.
[   12.238367] systemd[1]: Created slice User and Session Slice.
[[0;32m  OK  [0m] Created slice User and Session Slice.
[   12.240348] iscsi: registered transport (tcp)
[   12.241887] systemd[1]: Starting Create list of required static device nodes for the current kernel...
         Starting Create list of required st... nodes for the current kernel...
[   12.245540] systemd[1]: Created slice system-serial\x2dgetty.slice.
[[0;32m  OK  [0m] Created slice system-serial\x2dgetty.slice.
[   12.247760] systemd[1]: Listening on udev Control Socket.
[[0;32m  OK  [0m] Listening on udev Control Socket.
[   12.250288] systemd[1]: Starting Remount Root and Kernel File Systems...
         Starting Remount Root and Kernel File Systems...
[   12.252352] systemd[1]: Listening on Syslog Socket.
[[0;32m  OK  [0m] Listening on Syslog Socket.
[   12.255175] systemd[1]: Starting Journal Service...
[   12.255560] EXT4-fs (sda1): re-mounted. Opts: (null)
         Starting Journal Service...
[   12.259794] systemd[1]: Reached target Encrypted Volumes.
[[0;32m  OK  [0m] Reached target Encrypted Volumes.
[   12.262095] systemd[1]: Mounting Debug File System...
         Mounting Debug File System...
[   12.264126] systemd[1]: Listening on LVM2 metadata daemon socket.
[[0;32m  OK  [0m] Listening on LVM2 metadata daemon socket.
[   12.268873] systemd[1]: Starting Monitoring of LVM2 mirrors, snapshots etc. using dmeventd or progress polling...
         Starting Monitoring of LVM2 mirrors... dmeventd or progress polling...
[   12.273713] systemd[1]: Starting Nameserver information manager...
         Starting Nameserver information manager...
[   12.275864] systemd[1]: Reached target Slices.
[[0;32m  OK  [0m] Reached target Slices.
[   12.277834] systemd[1]: Mounting POSIX Message Queue File System...
         Mounting POSIX Message Queue File System...
[   12.281555] systemd[1]: Mounted Debug File System.
[[0;32m  OK  [0m] Mounted Debug File System.
[   12.283753] systemd[1]: Mounted POSIX Message Queue File System.
[[0;32m  OK  [0m] Mounted POSIX Message Queue File System.
[   12.285377] systemd[1]: Mounted Huge Pages File System.
[[0;32m  OK  [0m] Mounted Huge Pages File System.
[   12.287274] systemd[1]: Started Uncomplicated firewall.
[[0;32m  OK  [0m] Started Uncomplicated firewall.
[   12.290529] systemd[1]: Started Create list of required static device nodes for the current kernel.
[[0;32m  OK  [0m] Started Create list of required sta...ce nodes for the current kernel.
[   12.293159] systemd[1]: Started Remount Root and Kernel File Systems.
[[0;32m  OK  [0m] Started Remount Root and Kernel File Systems.
[   12.295881] systemd[1]: Started Journal Service.
[[0;32m  OK  [0m] Started Journal Service.
[[0;32m  OK  [0m] Started Set console keymap.
[[0;32m  OK  [0m] Started Nameserver information manager.
[   12.305655] iscsi: registered transport (iser)
[[0;32m  OK  [0m] Started LVM2 metadata daemon.
         Starting Load/Save Random Seed...
         Starting Flush Journal to Persistent Storage...
         Starting udev Coldplug all Devices...
         Starting Create Static Device Nodes in /dev...
[[0;32m  OK  [0m] Started Load/Save Random Seed.
[   12.323918] systemd-journald[388]: Received request to flush runtime journal from PID 1
[[0;32m  OK  [0m] Started Load Kernel Modules.
         Mounting FUSE Control File System...
         Starting Apply Kernel Variables...
[[0;32m  OK  [0m] Started Flush Journal to Persistent Storage.
[[0;32m  OK  [0m] Started Create Static Device Nodes in /dev.
[[0;32m  OK  [0m] Mounted FUSE Control File System.
[[0;32m  OK  [0m] Started Apply Kernel Variables.
         Starting udev Kernel Device Manager...
[[0;32m  OK  [0m] Started udev Kernel Device Manager.
[[0;32m  OK  [0m] Started udev Coldplug all Devices.
[[0;32m  OK  [0m] Started Dispatch Password Requests to Console Directory Watch.
[[0;32m  OK  [0m] Found device /dev/ttyS0.
[[0;32m  OK  [0m] Listening on Load/Save RF Kill Switch Status /dev/rfkill Watch.
[[0;32m  OK  [0m] Started Monitoring of LVM2 mirrors,...ng dmeventd or progress polling.
[[0;32m  OK  [0m] Reached target Local File Systems (Pre).
[[0;32m  OK  [0m] Reached target Local File Systems.
         Starting LSB: AppArmor initialization...
         Starting Set console font and keymap...
         Starting Initial cloud-init job (pre-networking)...
         Starting Tell Plymouth To Write Out Runtime Data...
         Starting Create Volatile Files and Directories...
         Starting Commit a transient machine-id on disk...
[[0;32m  OK  [0m] Started Create Volatile Files and Directories.
         Starting Update UTMP about System Boot/Shutdown...
[[0;32m  OK  [0m] Started Tell Plymouth To Write Out Runtime Data.
[[0;32m  OK  [0m] Started Update UTMP about System Boot/Shutdown.
[[0;32m  OK  [0m] Started Commit a transient machine-id on disk.
[[0;32m  OK  [0m] Started Set console font and keymap.
[[0;32m  OK  [0m] Created slice system-getty.slice.
[[0;32m  OK  [0m] Started LSB: AppArmor initialization.
[   13.713970] cloud-init[641]: Cloud-init v. 19.4-33-gbb4131a2-0ubuntu1~16.04.1 running 'init-local' at Mon, 27 Apr 2020 21:39:21 +0000. Up 13.42 seconds.
[[0;32m  OK  [0m] Started Initial cloud-init job (pre-networking).
[[0;32m  OK  [0m] Reached target Network (Pre).
         Starting Raise network interfaces...
[[0;32m  OK  [0m] Started Raise network interfaces.
[[0;32m  OK  [0m] Reached target Network.
         Starting Initial cloud-init job (metadata service crawler)...
[   14.784007] cloud-init[964]: Cloud-init v. 19.4-33-gbb4131a2-0ubuntu1~16.04.1 running 'init' at Mon, 27 Apr 2020 21:39:21 +0000. Up 14.18 seconds.
[   14.785398] cloud-init[964]: ci-info: ++++++++++++++++++++++++++++++++++++++Net device info+++++++++++++++++++++++++++++++++++++++
[   14.786939] cloud-init[964]: ci-info: +--------+-------+----------------------------+---------------+--------+-------------------+
[   14.788516] cloud-init[964]: ci-info: | Device |   Up  |          Address           |      Mask     | Scope  |     Hw-Address    |
[   14.790076] cloud-init[964]: ci-info: +--------+-------+----------------------------+---------------+--------+-------------------+
[   14.791689] cloud-init[964]: ci-info: | enp0s3 |  True |         10.0.2.15          | 255.255.255.0 | global | 02:f4:cb:fd:67:72 |
[   14.793291] cloud-init[964]: ci-info: | enp0s3 |  True | fe80::f4:cbff:fefd:6772/64 |       .       |  link  | 02:f4:cb:fd:67:72 |
[   14.794913] cloud-init[964]: ci-info: | enp0s8 | False |             .              |       .       |   .    | 08:00:27:41:b3:7d |
[   14.796502] cloud-init[964]: ci-info: |   lo   |  True |         127.0.0.1          |   255.0.0.0   |  host  |         .         |
[   14.798105] cloud-init[964]: ci-info: |   lo   |  True |          ::1/128           |       .       |  host  |         .         |
[   14.799705] cloud-init[964]: ci-info: +--------+-------+----------------------------+---------------+--------+-------------------+
[   14.801298] cloud-init[964]: ci-info: +++++++++++++++++++++++++++Route IPv4 info++++++++++++++++++++++++++++
[   14.802676] cloud-init[964]: ci-info: +-------+-------------+----------+---------------+-----------+-------+
[   14.804072] cloud-init[964]: ci-info: | Route | Destination | Gateway  |    Genmask    | Interface | Flags |
[   14.805615] cloud-init[964]: ci-info: +-------+-------------+----------+---------------+-----------+-------+
[   14.807214] cloud-init[964]: ci-info: |   0   |   0.0.0.0   | 10.0.2.2 |    0.0.0.0    |   enp0s3  |   UG  |
[   14.808725] cloud-init[964]: ci-info: |   1   |   10.0.2.0  | 0.0.0.0  | 255.255.255.0 |   enp0s3  |   U   |
[   14.810014] cloud-init[964]: ci-info: +-------+-------------+----------+---------------+-----------+-------+
[   14.811284] cloud-init[964]: ci-info: +++++++++++++++++++Route IPv6 info+++++++++++++++++++
[   14.812334] cloud-init[964]: ci-info: +-------+-------------+---------+-----------+-------+
[   14.824021] cloud-init[964]: ci-info: | Route | Destination | Gateway | Interface | Flags |
[   14.825153] cloud-init[964]: ci-info: +-------+-------------+---------+-----------+-------+
[   14.826340] cloud-init[964]: ci-info: |   0   |  fe80::/64  |    ::   |   enp0s3  |   U   |
[   14.827460] cloud-init[964]: ci-info: |   3   |   ff00::/8  |    ::   |   enp0s3  |   U   |
[   14.828443] cloud-init[964]: ci-info: +-------+-------------+---------+-----------+-------+
[   14.829506] cloud-init[964]: Generating public/private rsa key pair.
[   14.830318] cloud-init[964]: Your identification has been saved in /etc/ssh/ssh_host_rsa_key.
[   14.831961] cloud-init[964]: Your public key has been saved in /etc/ssh/ssh_host_rsa_key.pub.
[   14.833774] cloud-init[964]: The key fingerprint is:
[   14.844971] cloud-init[964]: SHA256:OjBQeqDD3W9nNEvFf9lBUoQCr6ZC1Y3VF3XqcwKfNAA root@ubuntu-xenial
[[0;32m  OK  [0m] Started Initial cloud-init job (metadata service crawler).
[[   14.845349] [0;32m  OK  [0mcloud-init] [964]: Reached target Cloud-config availability.The key's randomart image is:

[   14.848418] [cloud-init[0;32m  OK  [0m[964]: ] +---[RSA 2048]----+Reached target System Initialization.

[   14.848784] cloud-init[964]: |  . .    .E+o.===|
[[0;32m  OK  [0m] Started Daily Cleanup of Temporary Directories.
[[0;32m  OK  [0m] Listening on D-Bus System Message Bus Socket.
[   14.849947] cloud-init[964]: |...+.   . *o +.+.|
[   14.852816] cloud-init[964]: |o.o... . * o+ = +|
[[0;32m  OK  [0m] Started Daily apt download activities.
[[   14.853036] cloud-init[964]: | . o  o o +  * =.|
[   14.854362] cloud-init[964]: |    o. oS*    B .|
[   14.854840] cloud-init[964]: |    .o..=      + |
[   14.855283] cloud-init[964]: |     .o.         |
[   14.855774] cloud-init[964]: |      ..         |
[   14.856385] cloud-init[964]: |                 |
[   14.856861] cloud-init[964]: +----[SHA256]-----+
[0;32m  OK  [0m] Started Daily apt upgrade and clean activities.
[   14.857084] cloud-init[964]: Generating public/private dsa key pair.
[   14.858713] cloud-init[964]: Your identification has been saved in /etc/ssh/ssh_host_dsa_key.
[   14.859120] cloud-init[964]: Your public key has been saved in /etc/ssh/ssh_host_dsa_key.pub.
[   14.859444] cloud-init[964]: The key fingerprint is:
[   14.859874] cloud-init[964]: SHA256:6SmG7m8Nb5Xx3Vms+udZoOBCqcoCqYsaCDK4WAx121A root@ubuntu-xenial
[   14.860597] cloud-init[964]: The key's randomart image is:
[   14.861026] cloud-init[964]: +---[DSA 1024]----+
[   14.861450] cloud-init[964]: |  . o.E          |
[   14.861873] cloud-init[964]: | . . +           |
[   14.862297] cloud-init[964]: |.   . .        . |
[   14.862733] cloud-init[964]: |.o       o.     o|
[   14.863169] cloud-init[964]: |=.o     S .+ ..oo|
[   14.863527] cloud-init[964]: |B+   ..+ oo...oo.|
[[0;32m  OK  [0m] Started Message of the Day.
[   14.863596] cloud-init[964]: |*.  . +++.. ..  .|
[   14.866935] cloud-init[964]: |o..o o..+.  .   +|
[[0;32m  OK  [0m] Reached target Timers.
[   14.867094] cloud-init[964]: |=. o=o..     ..+.|
[[0;32m  OK  [0m] Listening on ACPID Listen Socket.[   14.872498] 
cloud-init[964]: +----[SHA256]-----+
[   14.873759] cloud-init[964]: Generating public/private ecdsa key pair.
[   14.873990] cloud-init[964]: Your identification has been saved in /etc/ssh/ssh_host_ecdsa_key.
[   14.874397] cloud-init[964]: Your public key has been saved in /etc/ssh/ssh_host_ecdsa_key.pub.
         Starting Socket activation for snappy daemon.
[   14.874603] cloud-init[964]: The key fingerprint is:
[   14.877398] cloud-init[964]: SHA256:o6eFT6E+NSq1pJv4ocjTzzVmKzOj/svkdcWUAhyDq9M root@ubuntu-xenial
[   14.884271] cloud-init[964]: The key's randomart image is:
[   14.884450] cloud-init[964]: +---[ECDSA 256]---+
[[   14.884593] [0;32m  OK  [0mcloud-init] [964]: Started ACPI Events Check.|      o+.        |

[[   14.884629] [0;32m  OK  [0mcloud-init] [964]: Reached target Paths.|     . .o   .    |

[   14.887121] cloud-init[964]: |      .  . o     |
         [   14.887303] Starting LXD - unix socket.cloud-init
[964]: |     .    +      |
[   14.888389] cloud-init[964]: |    o   S  o     |
[[0;32m  OK  [0m] Listening on UUID daemon activation socket.
[   14.888533] cloud-init[964]: |   o Eo+oo.      |
[   14.889963] cloud-init[964]: |  . o=+X+o       |
[   14.890131] cloud-init[964]: |.o +BOO*+        |
[   14.890806] cloud-init[964]: |..=+BXOo.        |
[   14.891342] cloud-init[964]: +----[SHA256]-----+
[   14.891754] cloud-init[964]: Generating public/private ed25519 key pair.
[   14.892434] cloud-init[964]: Your identification has been saved in /etc/ssh/ssh_host_ed25519_key.
[   14.892856] cloud-init[964]: Your public key has been saved in /etc/ssh/ssh_host_ed25519_key.pub.
[   14.893350] cloud-init[964]: The key fingerprint is:
[   14.893999] cloud-init[964]: SHA256:j0x0b+F36CKIQscTELww+aaw5ap0mH8kNfuo2FIeKvE root@ubuntu-xenial
[   14.894672] cloud-init[964]: The key's randomart image is:
[   14.895138] cloud-init[964]: +--[ED25519 256]--+
[   14.895621] cloud-init[964]: |   oo.           |
[   14.895912] cloud-init[964]: |  + ..           |
[   14.896383] cloud-init[964]: |   + .. . . .    |
[   14.896667] cloud-init[964]: |. . ++ o . o . . |
[   14.896984] cloud-init[964]: | = oo * S   + o .|
[   14.897287] cloud-init[964]: |o == + = + . o . |
[   14.897579] cloud-init[964]: | B+.= + + o . .  |
[   14.898234] cloud-init[964]: |+oE. + .   . .   |
[   14.898667] cloud-init[964]: |+..+o            |
[   14.899123] cloud-init[964]: +----[SHA256]-----+
[[0;32m  OK  [0m] Reached target Network is Online.
         Starting iSCSI initiator daemon (iscsid)...
[[0;32m  OK  [0m] Listening on Socket activation for snappy daemon.
[[0;32m  OK  [0m] Listening on LXD - unix socket.
[[0;32m  OK  [0m] Reached target Sockets.
[[0;32m  OK  [0m] Reached target Basic System.
[[0;32m  OK  [0m] Started FUSE filesystem for LXC.
[[0;32m  OK  [0m] Started Regular background program processing daemon.
[[0;32m  OK  [0m] Started Deferred execution scheduler.
[[0;32m  OK  [0m] Started D-Bus System Message Bus.
         Starting Login Service...
         Starting /etc/rc.local Compatibility...
[[0;32m  OK  [0m] Started ACPI event daemon.
         Starting Pollinate to seed the pseudo random number generator...
         Starting Virtualbox guest utils...
         Starting Accounts Service...
         Starting System Logging Service...
         Starting LSB: MD monitoring daemon...
         Starting LXD - container startup/shutdown...
         Starting LSB: Record successful boot for GRUB...
         Starting Snappy daemon...
[[0;32m  OK  [0m] Started /etc/rc.local Compatibility.
[[0;32m  OK  [0m] Started Login Service.
[[0;32m  OK  [0m] Started System Logging Service.
[[0;32m  OK  [0m] Started iSCSI initiator daemon (iscsid).
         Starting Login to default iSCSI targets...
[[0;32m  OK  [0m] Started Unattended Upgrades Shutdown.
[[0;32m  OK  [0m] Started Login to default iSCSI targets.
[[0;32m  OK  [0m] Reached target Remote File Systems (Pre).
[[0;32m  OK  [0m] Reached target Remote File Systems.
         Starting LSB: daemon to balance interrupts for SMP systems...
         Starting Permit User Sessions...
         Starting LSB: Set the CPU Frequency Scaling governor to "ondemand"...
         Starting LSB: automatic crash report generation...
[[0;32m  OK  [0m] Started Permit User Sessions.
         Starting Hold until boot process finishes up...
         Starting Terminate Plymouth Boot Screen...
[[0;32m  OK  [0m] Started LSB: Record successful boot for GRUB.
[[0;32m  OK  [0m] Started Hold until boot process finishes up.
[[0;32m  OK  [0m] Started LSB: MD monitoring daemon.
[[0;32m  OK  [0m] Started Getty on tty1.
[[0;32m  OK  [0m] Started Serial Getty on ttyS0.
[[0;32m  OK  [0m] Reached target Login Prompts.
         Starting Set console scheme...
[[0;32m  OK  [0m] Started Terminate Plymouth Boot Screen.
[[0;32m  OK  [0m] Started LSB: Set the CPU Frequency Scaling governor to "ondemand".
[[0;32m  OK  [0m] Started Set console scheme.
[[0;32m  OK  [0m] Started LSB: daemon to balance interrupts for SMP systems.
[[0;32m  OK  [0m] Started LSB: automatic crash report generation.
         Starting Authenticate and Authorize Users to Run Privileged Tasks...
[[0;32m  OK  [0m] Started Virtualbox guest utils.
[[0;32m  OK  [0m] Started LXD - container startup/shutdown.
[[0;32m  OK  [0m] Started Authenticate and Authorize Users to Run Privileged Tasks.
[[0;32m  OK  [0m] Started Accounts Service.
[[0;32m  OK  [0m] Started Snappy daemon.
         Starting Wait until snapd is fully seeded...
[[0;32m  OK  [0m] Started Pollinate to seed the pseudo random number generator.
         Starting OpenBSD Secure Shell server...
[[0;32m  OK  [0m] Started OpenBSD Secure Shell server.
[[0;32m  OK  [0m] Started Wait until snapd is fully seeded.
         Starting Apply the settings specified in cloud-config...
[[0;32m  OK  [0m] Reached target Multi-User System.
[[0;32m  OK  [0m] Reached target Graphical Interface.
         Starting Update UTMP about System Runlevel Changes...
[[0;32m  OK  [0m] Started Update UTMP about System Runlevel Changes.
[   16.656174] cloud-init[1317]: Generating locales (this might take a while)...
[   17.322760] cloud-init[1317]:   en_US.UTF-8... done
[   17.323791] cloud-init[1317]: Generation complete.
[   17.684483] cloud-init[1317]: Cloud-init v. 19.4-33-gbb4131a2-0ubuntu1~16.04.1 running 'modules:config' at Mon, 27 Apr 2020 21:39:24 +0000. Up 16.57 seconds.
[[0;32m  OK  [0m] Started Apply the settings specified in cloud-config.
         Starting Execute cloud user/final scripts...
ci-info: no authorized SSH keys fingerprints found for user ubuntu.
<14>Apr 27 21:39:25 ec2: 
<14>Apr 27 21:39:25 ec2: #############################################################
<14>Apr 27 21:39:25 ec2: -----BEGIN SSH HOST KEY FINGERPRINTS-----
<14>Apr 27 21:39:25 ec2: 1024 SHA256:6SmG7m8Nb5Xx3Vms+udZoOBCqcoCqYsaCDK4WAx121A root@ubuntu-xenial (DSA)
<14>Apr 27 21:39:25 ec2: 256 SHA256:o6eFT6E+NSq1pJv4ocjTzzVmKzOj/svkdcWUAhyDq9M root@ubuntu-xenial (ECDSA)
<14>Apr 27 21:39:25 ec2: 256 SHA256:j0x0b+F36CKIQscTELww+aaw5ap0mH8kNfuo2FIeKvE root@ubuntu-xenial (ED25519)
<14>Apr 27 21:39:25 ec2: 2048 SHA256:OjBQeqDD3W9nNEvFf9lBUoQCr6ZC1Y3VF3XqcwKfNAA root@ubuntu-xenial (RSA)
<14>Apr 27 21:39:25 ec2: -----END SSH HOST KEY FINGERPRINTS-----
<14>Apr 27 21:39:25 ec2: #############################################################
-----BEGIN SSH HOST KEY KEYS-----
ecdsa-sha2-nistp256 AAAAE2VjZHNhLXNoYTItbmlzdHAyNTYAAAAIbmlzdHAyNTYAAABBBBOEqJON9sQeT10exedHi8qCF2+5JFzLwQt5kDIbw/anlQYJReSuTXMYku22QzHmtvSnN7/H3lZ5IEls8S7xzf0= root@ubuntu-xenial
ssh-ed25519 AAAAC3NzaC1lZDI1NTE5AAAAIKZXJql6aONFxs95mQn4PNqXocuGTtXLaCBho6IWVIYZ root@ubuntu-xenial
ssh-rsa AAAAB3NzaC1yc2EAAAADAQABAAABAQCwjDSmncwkSJHrBdmjpjTnEbD3VhNTGQJc6Mh05RDDcBRe/F3guF9b34aRKxfCxEeC8pEeP3tGqJjq0YRs8L9Kq3xydFcKWYSxUn/KTLLIwruv3fprLD/zhej3iT0h1mmB3cC4iSjTWHhJccv4mMvlRJAzBCHrKhzE4L3H2u93Pmxg8ewacRLnWZ694xXHsR5FKtGZyBCHmTwa61iBG8qjvSEI9JtAZKST2My7X5Kxj3ihkIx4JLEA910sIdkM3LYYwgOr3Ekk0Meflz3tkfLFzOs6FfbOW12tWrYXH3A3Z2hlMUURyaFICidKGos8J6/kfNOYMHRVNVLPSXA5RJgB root@ubuntu-xenial
-----END SSH HOST KEY KEYS-----
[   18.107002] cloud-init[1360]: Cloud-init v. 19.4-33-gbb4131a2-0ubuntu1~16.04.1 running 'modules:final' at Mon, 27 Apr 2020 21:39:25 +0000. Up 17.98 seconds.
[   18.108468] cloud-init[1360]: ci-info: no authorized SSH keys fingerprints found for user ubuntu.
[   18.109739] cloud-init[1360]: Cloud-init v. 19.4-33-gbb4131a2-0ubuntu1~16.04.1 finished at Mon, 27 Apr 2020 21:39:25 +0000. Datasource DataSourceNoCloud [seed=/dev/sdb][dsmode=net].  Up 18.09 seconds
[[0;32m  OK  [0m] Started Execute cloud user/final scripts.
[[0;32m  OK  [0m] Reached target Cloud-init target.

Ubuntu 16.04.6 LTS ubuntu-xenial ttyS0

ubuntu-xenial login: 